// Jest Snapshot v1, https://goo.gl/fbAQLP

exports[`Icon should match snapshot for basic icon 1`] = `"<i data-server-rendered=\\"true\\" class=\\"anticon anticon-search\\"></i>"`;

exports[`Icon should match snapshot for custom spin icon 1`] = `"<i data-server-rendered=\\"true\\" class=\\"anticon anticon-sync anticon-spin\\"></i>"`;

exports[`Icon should match snapshot for spinning icon 1`] = `"<i data-server-rendered=\\"true\\" class=\\"anticon anticon-loading anticon-spin\\"></i>"`;
