// Jest Snapshot v1, https://goo.gl/fbAQLP

exports[`Collapse should match snapshot for accordion 1`] = `"<div data-server-rendered=\\"true\\" class=\\"ant-collapse\\"><div class=\\"ant-collapse-item ant-collapse-item-active\\"><div role=\\"tab\\" class=\\"ant-collapse-item-header\\"><i class=\\"anticon anticon-right ant-collapse-item-arrow\\"></i> <span>H1</span></div> <div class=\\"ant-collapse-item-content ant-collapse-item-content-active\\"><div class=\\"ant-collapse-item-content-box\\"><p>C1</p></div></div></div> <div class=\\"ant-collapse-item\\"><div role=\\"tab\\" class=\\"ant-collapse-item-header\\"><i class=\\"anticon anticon-right ant-collapse-item-arrow\\"></i> <span>H2</span></div> <div class=\\"ant-collapse-item-content ant-collapse-item-content-active\\" style=\\"display:none;\\"><div class=\\"ant-collapse-item-content-box\\"><p>C2</p></div></div></div></div>"`;

exports[`Collapse should match snapshot for basic collapse 1`] = `"<div data-server-rendered=\\"true\\" class=\\"ant-collapse\\"><div class=\\"ant-collapse-item ant-collapse-item-active\\"><div role=\\"tab\\" class=\\"ant-collapse-item-header\\"><i class=\\"anticon anticon-right ant-collapse-item-arrow\\"></i> <span>Panel 1</span></div> <div class=\\"ant-collapse-item-content ant-collapse-item-content-active\\"><div class=\\"ant-collapse-item-content-box\\"><p>Content 1</p></div></div></div> <div class=\\"ant-collapse-item\\"><div role=\\"tab\\" class=\\"ant-collapse-item-header\\"><i class=\\"anticon anticon-right ant-collapse-item-arrow\\"></i> <span>Panel 2</span></div> <div class=\\"ant-collapse-item-content ant-collapse-item-content-active\\" style=\\"display:none;\\"><div class=\\"ant-collapse-item-content-box\\"><p>Content 2</p></div></div></div></div>"`;
