// Jest Snapshot v1, https://goo.gl/fbAQLP

exports[`Radio should match snapshot for basic radio 1`] = `"<label data-server-rendered=\\"true\\" class=\\"ant-radio-wrapper\\"><span class=\\"ant-radio\\"><input type=\\"radio\\" name=\\"\\" value=\\"A\\" class=\\"ant-radio-input\\"> <span class=\\"ant-radio-inner\\"></span></span> <span>Radio A</span></label>"`;

exports[`Radio should match snapshot for checked radio 1`] = `"<label data-server-rendered=\\"true\\" class=\\"ant-radio-wrapper ant-radio-wrapper-checked\\"><span class=\\"ant-radio ant-radio-checked\\"><input type=\\"radio\\" name=\\"\\" value=\\"A\\" class=\\"ant-radio-input\\"> <span class=\\"ant-radio-inner\\"></span></span> <span>Checked</span></label>"`;

exports[`RadioGroup should match snapshot for radio group 1`] = `"<div data-server-rendered=\\"true\\" class=\\"ant-radio-group ant-radio-group-default\\"><div><span><label class=\\"ant-radio-wrapper\\"><span class=\\"ant-radio\\"><input type=\\"radio\\" name=\\"\\" value=\\"A\\" class=\\"ant-radio-input\\"> <span class=\\"ant-radio-inner\\"></span></span> <span>A</span></label></span><span><label class=\\"ant-radio-wrapper\\"><span class=\\"ant-radio\\"><input type=\\"radio\\" name=\\"\\" value=\\"B\\" class=\\"ant-radio-input\\"> <span class=\\"ant-radio-inner\\"></span></span> <span>B</span></label></span><span><label class=\\"ant-radio-wrapper\\"><span class=\\"ant-radio\\"><input type=\\"radio\\" name=\\"\\" value=\\"C\\" class=\\"ant-radio-input\\"> <span class=\\"ant-radio-inner\\"></span></span> <span>C</span></label></span></div> <!----></div>"`;
