// Jest Snapshot v1, https://goo.gl/fbAQLP

exports[`Timeline should match snapshot for basic timeline 1`] = `"<ul data-server-rendered=\\"true\\" class=\\"ant-timeline\\"><li class=\\"ant-timeline-item\\"><div class=\\"ant-timeline-item-tail\\"></div> <div class=\\"ant-timeline-item-head ant-timeline-item-head-blue\\" style=\\"background-color:null;\\"></div> <div class=\\"ant-timeline-item-content\\">Step 1</div></li> <li class=\\"ant-timeline-item\\"><div class=\\"ant-timeline-item-tail\\"></div> <div class=\\"ant-timeline-item-head ant-timeline-item-head-blue\\" style=\\"background-color:null;\\"></div> <div class=\\"ant-timeline-item-content\\">Step 2</div></li> <li class=\\"ant-timeline-item\\"><div class=\\"ant-timeline-item-tail\\"></div> <div class=\\"ant-timeline-item-head ant-timeline-item-head-blue\\" style=\\"background-color:null;\\"></div> <div class=\\"ant-timeline-item-content\\">Step 3</div></li> <!----></ul>"`;

exports[`Timeline should match snapshot for colored timeline 1`] = `"<ul data-server-rendered=\\"true\\" class=\\"ant-timeline\\"><li class=\\"ant-timeline-item\\"><div class=\\"ant-timeline-item-tail\\"></div> <div class=\\"ant-timeline-item-head ant-timeline-item-head-green\\" style=\\"background-color:null;\\"></div> <div class=\\"ant-timeline-item-content\\">Success</div></li> <li class=\\"ant-timeline-item\\"><div class=\\"ant-timeline-item-tail\\"></div> <div class=\\"ant-timeline-item-head ant-timeline-item-head-red\\" style=\\"background-color:null;\\"></div> <div class=\\"ant-timeline-item-content\\">Error</div></li> <li class=\\"ant-timeline-item\\"><div class=\\"ant-timeline-item-tail\\"></div> <div class=\\"ant-timeline-item-head ant-timeline-item-head-blue\\" style=\\"background-color:null;\\"></div> <div class=\\"ant-timeline-item-content\\">Default</div></li> <!----></ul>"`;
